// Jest Snapshot v1, https://goo.gl/fbAQLP

exports[`<SignupForm> renders SignupForm without crashing 1`] = `
<form
  className="col s12 m10 l8 offset-m1 offset-l2 z-depth-5"
  onSubmit={[Function]}
>
  <Row>
    <Col>
      <h5
        className="center"
      >
        Create account
      </h5>
      <Input
        checked={false}
        label="Full name"
        name="name"
        onChange={[Function]}
        s={12}
        type="text"
        validate={true}
        value=""
      >
        <Icon>
          person
        </Icon>
      </Input>
      <Input
        checked={false}
        label="Email"
        name="email"
        onChange={[Function]}
        s={12}
        type="email"
        validate={true}
        value=""
      >
        <Icon>
          email
        </Icon>
      </Input>
      <Input
        checked={false}
        label="Password"
        name="password"
        onChange={[Function]}
        s={12}
        type="password"
        validate={true}
        value=""
      >
        <Icon>
          lock
        </Icon>
      </Input>
      <Input
        checked={false}
        label="I have read and accept use terms."
        name="agree"
        onChange={[Function]}
        type="checkbox"
      />
    </Col>
  </Row>
  <Row>
    <center>
      <Button
        className="center blue-grey"
        node="button"
        waves="light"
      >
        Create account
      </Button>
    </center>
  </Row>
</form>
`;
