// Jest Snapshot v1, https://goo.gl/fbAQLP

exports[`<SignupForm> renders SignupForm without crashing 1`] = `
<div
  className="row"
>
  <form
    className="col z-depth-5 s10 m8 l6 offset-s1 offset-m2 offset-l3"
    onSubmit={[Function]}
  >
    <div
      className="row"
    >
      <div
        className="col s12"
      >
        <h5
          className="center"
        >
          Create account
        </h5>
        <Input
          label="Full name"
          name="name"
          size="s12"
          type="text"
        />
        <Input
          label="E-mail"
          name="email"
          size="s12"
          type="email"
        />
        <Input
          label="Password"
          name="password"
          size="s12"
          type="password"
        />
        <div
          className="col"
        >
          <input
            id="agreement"
            name="agreement"
            type="checkbox"
          />
          <label
            htmlFor="agreement"
          >
            I agree with terms of use.
          </label>
        </div>
      </div>
    </div>
    <center
      className="row"
    >
      <button
        className="btn waves-effect waves-light center"
        name="action"
        type="submit"
      >
        Submit
        <i
          className="material-icons right"
        >
          send
        </i>
      </button>
    </center>
  </form>
</div>
`;
